exports[`undefined`] = `
Object {
  "data": Object {
    "venuesWithinRadius": Array [
      Object {
        "_id": "58261faf6740058d9be74883",
        "address": Object {
          "formatted": Array [
            "United Kingdom"
          ],
          "location": Array [
            -5.928296569207635,
            54.592778369687416
          ]
        },
        "categories": Array [
          Object {
            "icon": "https://ss3.4sqi.net/img/categories_v2/shops/technology_64.png",
            "name": "Tech Startup"
          }
        ],
        "contact": null,
        "foursquareId": "53161f34498efe0e844dacce",
        "name": "ShopKeep",
        "picture": "http://www.eltis.org/sites/eltis/files/default_images/photo_default_4.png",
        "tasks": Array [
          Object {
            "_id": "582620ed6740058d9be74884",
            "nbAnswers": 0,
            "title": "Is the food good?"
          }
        ],
        "website": ""
      },
      Object {
        "_id": "58261f9d6740058d9be74881",
        "address": Object {
          "formatted": Array [
            "21, Ormeau Avenue,",
            "Belfast",
            "BT2 8HD",
            "United Kingdom"
          ],
          "location": Array [
            -5.929182099999999,
            54.592808014285716
          ]
        },
        "categories": Array [
          Object {
            "icon": "https://ss3.4sqi.net/img/categories_v2/shops/technology_64.png",
            "name": "Tech Startup"
          }
        ],
        "contact": null,
        "foursquareId": "4d09e28ac370a35d1ea90d22",
        "name": "Independent Republic of Atari",
        "picture": "http://www.eltis.org/sites/eltis/files/default_images/photo_default_4.png",
        "tasks": Array [
          Object {
            "_id": "5819d35c432c548620b9093a",
            "nbAnswers": 0,
            "title": "Question 7"
          },
          Object {
            "_id": "5819d357432c548620b90939",
            "nbAnswers": 0,
            "title": "Question 8"
          },
          Object {
            "_id": "5826210e6740058d9be74889",
            "nbAnswers": 0,
            "title": "When does it open?"
          },
          Object {
            "_id": "582621076740058d9be74888",
            "nbAnswers": 0,
            "title": "Is there food?"
          }
        ],
        "website": ""
      },
      Object {
        "_id": "5817738f6d568ac7723e1baf",
        "address": Object {
          "formatted": Array [],
          "location": Array [
            -5.929163411658459,
            54.59263519737411
          ]
        },
        "categories": Array [
          Object {
            "icon": "https://ss3.4sqi.net/img/categories_v2/arts_entertainment/artgallery_64.png",
            "name": "Art Gallery"
          }
        ],
        "contact": null,
        "foursquareId": "4beadc76a9900f47f9061740",
        "name": "Ormeau Baths Gallery",
        "picture": "https://irs3.4sqi.net/img/general/undefinedxundefined/47296435_a6m5HaWleEE72AfUh8uZL-h8JUFH7-CcUTU-z0P5CSU.jpg",
        "tasks": Array [
          Object {
            "_id": "581411d6b0fce75c59f74d6c",
            "nbAnswers": 0,
            "title": "Question 4"
          }
        ],
        "website": ""
      },
      Object {
        "_id": "581773476d568ac7723e1bae",
        "address": Object {
          "formatted": Array [
            "17 Ormeau Ave",
            "Belfast",
            "BT2 8HD"
          ],
          "location": Array [
            -5.928990840911865,
            54.592803881688155
          ]
        },
        "categories": Array [
          Object {
            "icon": "https://ss3.4sqi.net/img/categories_v2/nightlife/nightclub_64.png",
            "name": "Nightclub"
          }
        ],
        "contact": Object {
          "facebook": null,
          "facebookName": null,
          "formattedPhone": "028 9032 5968",
          "phone": "02890325968",
          "twitter": null
        },
        "foursquareId": "4b65d319f964a5203a022be3",
        "name": "The Limelight",
        "picture": "https://irs0.4sqi.net/img/general/undefinedxundefined/RZx73X91WBg_n-Vr9OGx76qwTx_4m6fII-KsAxTB0dM.jpg",
        "tasks": Array [
          Object {
            "_id": "581411784d79072f3b799aca",
            "nbAnswers": 3,
            "title": "Do they have live music?"
          },
          Object {
            "_id": "581411784d79072f3b799acb",
            "nbAnswers": 1,
            "title": "Question 3"
          }
        ],
        "website": "http://www.limelightbelfast.com"
      }
    ]
  }
}
`;
