exports[`test get a venue by Id 1`] = `
Object {
  "data": Object {
    "venue": Object {
      "_id": "581773476d568ac7723e1bae",
      "address": Object {
        "formatted": Array [
          "17 Ormeau Ave",
          "Belfast",
          "BT2 8HD",
        ],
        "location": Array [
          -5.928990840911865,
          54.592803881688155,
        ],
      },
      "categories": null,
      "contact": Object {
        "facebook": null,
        "facebookName": null,
        "formattedPhone": "028 9032 5968",
        "phone": "02890325968",
        "twitter": null,
      },
      "foursquareId": "4b65d319f964a5203a022be3",
      "name": "The Limelight",
      "tasks": null,
      "website": "http://www.limelightbelfast.com",
    },
  },
  "errors": Array [
    Object {
      "locations": Array [
        Object {
          "column": 9,
          "line": 16,
        },
      ],
      "message": "Cannot read property \'map\' of undefined",
      "path": Array [
        "venue",
        "tasks",
      ],
    },
  ],
}
`;
