exports[`test renders correctly 1`] = `
<View
  style={
    Object {
      "alignItems": "center",
      "flex": 1,
    }
  }>
  <View
    style={
      Object {
        "backgroundColor": "red",
        "height": 150,
        "marginTop": 15,
        "width": 175,
      }
    } />
  <BuiltTextfield
    blurOnSubmit={true}
    floatingLabelEnabled={true}
    highlightColor="#CDDC39"
    onChangeText={[Function]}
    placeholder="Username"
    style={
      Object {
        "alignItems": "center",
        "alignSelf": "center",
        "height": 50,
        "justifyContent": "center",
        "width": 275,
      }
    }
    underlineEnabled={true}
    value="Hello" />
  <BuiltTextfield
    blurOnSubmit={true}
    floatingLabelEnabled={true}
    highlightColor="#CDDC39"
    onChangeText={[Function]}
    placeholder="Password"
    secureTextEntry={true}
    style={
      Object {
        "alignItems": "center",
        "alignSelf": "center",
        "height": 50,
        "justifyContent": "center",
        "width": 275,
      }
    }
    underlineEnabled={true}
    value="" />
  <BuiltButton
    backgroundColor="#3F51B5"
    enabled={false}
    maskBorderRadius={2}
    maskColor="rgba(255,255,255,0.15)"
    maskDuration={200}
    maskEnabled={true}
    onPress={[Function]}
    pointerEvents="box-only"
    rippleColor="rgba(255,255,255,0.2)"
    rippleDuration={200}
    rippleLocation="tapLocation"
    shadowAniEnabled={true}
    style={
      Array [
        Object {
          "alignItems": "center",
          "justifyContent": "center",
          "padding": 8,
        },
        Object {
          "backgroundColor": "#3F51B5",
        },
        Object {
          "borderRadius": 2,
          "elevation": 4,
          "shadowColor": "black",
          "shadowOffset": Object {
            "height": 0.5,
            "width": 0,
          },
          "shadowOpacity": 0.7,
          "shadowRadius": 1,
        },
      ]
    }
    text="Login"
    textStyle={
      Array [
        Object {
          "fontSize": 14,
        },
        Object {
          "color": "white",
          "fontWeight": "bold",
        },
      ]
    } />
  <TouchableOpacity
    activeOpacity={0.2}
    onPress={[Function]}
    style={
      Object {
        "marginTop": 10,
      }
    }>
    <Text
      accessible={true}
      allowFontScaling={true}
      ellipsizeMode="tail">
      Not Now
    </Text>
  </TouchableOpacity>
</View>
`;
