exports[`test renders correctly 1`] = `
<RadialAnimatedViewWrapper
  style={
    Object {
      "backgroundColor": "#e9e9e9",
      "flex": 1,
    }
  }>
  <Image
    resizeMode="cover"
    source={
      Object {
        "uri": "localhost:3000/venues/5834b73cb5cb2c65d95f7cea/image",
      }
    }
    style={
      Object {
        "height": 400.2,
        "width": 750,
      }
    } />
  <ScrollView
    contentContainerStyle={
      Object {
        "paddingTop": 400.2,
      }
    }
    style={
      Object {
        "height": 1334,
        "position": "absolute",
        "top": 0,
      }
    }>
    <View
      style={
        Object {
          "backgroundColor": "#e9e9e9",
        }
      }>
      <VenueDescription
        venue={
          Object {
            "_id": "5834b73cb5cb2c65d95f7cea",
            "address": Object {
              "formatted": Array [
                "2 univ street",
                "5200 Belfast",
                "UK",
              ],
            },
            "categories": Array [],
            "contact": Object {
              "formattedPhone": "(060) 25-65",
            },
            "name": "Test venue",
          }
        } />
      <Tasks
        goToTask={[Function]}
        tasks={Array []} />
    </View>
  </ScrollView>
  <AddTask
    addTask={[Function]}
    isLoggedIn={false}
    onClose={[Function]}
    style={Object {}}
    visible={false} />
  <RoundButton
    activatedState={
      Object {
        "callback": [Function],
        "color": "red",
        "renderIcon": [Function],
      }
    }
    initialState={
      Object {
        "callback": [Function],
        "color": "green",
        "renderIcon": [Function],
      }
    }
    size={50}
    style={
      Object {
        "alignItems": "center",
        "borderRadius": 25,
        "bottom": 5,
        "elevation": 20,
        "height": 50,
        "justifyContent": "center",
        "position": "absolute",
        "right": 5,
        "width": 50,
      }
    } />
</RadialAnimatedViewWrapper>
`;
